lap time est (d model, 1.0 g): 89.2 s   gap 0.01 m
main straight          straight s=     0 L= 275.0 r=      -       arc=   0.0 z= -3.2 g= -1.2% w=14.0 b=+0.000>+0.000
T1 Millrace entry      left     s=   275 L=  20.3 r= 400.0-40.0   arc=  16.0 z= -3.4 g= -1.0% w=14.0 b=+0.000>+0.040
T1 Millrace apex       left     s=   295 L=  49.6 r=  40.0-40.0   arc=  71.0 z= -3.5 g= -0.2% w=14.0 b=+0.040>+0.040
T1 Millrace exit       left     s=   345 L=  22.2 r=  40.0-300.0  arc=  18.0 z= -3.4 g=  0.5% w=14.0 b=+0.040>+0.000
Brook run              straight s=   367 L=  70.0 r=      -       arc=   0.0 z= -3.0 g=  0.6% w=13.5 b=+0.000>+0.000
Sawpit entry           right    s=   437 L=  41.0 r= 450.0-125.0  arc=  12.0 z= -2.5 g=  1.2% w=13.0 b=-0.000>-0.030
Sawpit apex            right    s=   478 L=  43.6 r= 125.0-125.0  arc=  20.0 z= -1.3 g=  2.8% w=13.0 b=-0.030>-0.030
Sawpit exit            right    s=   522 L=  41.0 r= 125.0-450.0  arc=  12.0 z= -0.9 g=  1.0% w=13.0 b=-0.030>-0.000
esses link             straight s=   563 L=  46.0 r=      -       arc=   0.0 z=  0.0 g=  2.0% w=13.0 b=+0.000>+0.000
Woodcutter entry       left     s=   609 L=  35.2 r= 450.0-130.0  arc=  10.0 z=  0.5 g=  1.4% w=13.0 b=+0.000>+0.030
Woodcutter apex        left     s=   644 L=  54.5 r= 130.0-130.0  arc=  24.0 z=  1.9 g=  2.6% w=13.0 b=+0.030>+0.030
Woodcutter exit        left     s=   698 L=  35.2 r= 130.0-450.0  arc=  10.0 z=  2.4 g=  1.4% w=13.0 b=+0.030>+0.000
the Ladder             straight s=   734 L= 200.3 r=      -       arc=   0.0 z= 14.9 g=  6.2% w=13.0 b=+0.000>+0.000
the Brow crest         left     s=   934 L=  58.3 r= 450.0-180.0  arc=  13.0 z= 15.5 g=  1.0% w=13.0 b=+0.000>+0.030
the Brow apex          left     s=   992 L=  75.4 r= 180.0-180.0  arc=  24.0 z= 15.3 g= -0.3% w=13.0 b=+0.030>+0.030
the Brow exit          left     s=  1068 L=  58.3 r= 180.0-450.0  arc=  13.0 z= 15.0 g= -0.5% w=13.0 b=+0.030>+0.000
Ridge top              straight s=  1126 L=  34.0 r=      -       arc=   0.0 z= 15.1 g=  0.3% w=13.0 b=+0.000>+0.000
Windhover right in     right    s=  1160 L=  55.5 r=1200.0-340.0  arc=   6.0 z= 15.2 g=  0.2% w=13.0 b=-0.000>-0.000
Windhover right out    right    s=  1215 L=  55.5 r= 340.0-1200.0 arc=   6.0 z= 15.2 g=  0.1% w=13.0 b=-0.000>-0.000
Windhover left in      left     s=  1271 L=  55.5 r=1200.0-340.0  arc=   6.0 z= 15.2 g= -0.1% w=13.0 b=+0.000>+0.000
Windhover left out     left     s=  1326 L=  55.5 r= 340.0-1200.0 arc=   6.0 z= 15.0 g= -0.4% w=13.0 b=+0.000>+0.000
Kestrel approach       straight s=  1382 L= 104.0 r=      -       arc=   0.0 z= 14.3 g= -0.7% w=13.0 b=+0.000>+0.000
Kestrel entry          left     s=  1486 L=  74.5 r= 450.0-140.0  arc=  20.0 z= 13.8 g= -0.7% w=13.5 b=+0.000>+0.050
Kestrel tighten        left     s=  1560 L= 111.8 r= 140.0-68.0   arc=  70.0 z=  9.9 g= -3.5% w=13.5 b=+0.050>+0.100
Kestrel hold           left     s=  1672 L=  99.7 r=  68.0-68.0   arc=  84.0 z=  5.4 g= -4.5% w=13.5 b=+0.100>+0.100
Kestrel exit           left     s=  1772 L=  55.5 r=  68.0-240.0  arc=  30.0 z=  3.7 g= -3.1% w=13.5 b=+0.100>+0.000
Talon                  right    s=  1827 L=  71.2 r= 240.0-240.0  arc=  17.0 z=  3.0 g= -1.0% w=13.0 b=-0.000>-0.000
Fernside               straight s=  1899 L=  49.0 r=      -       arc=   0.0 z=  2.0 g= -2.0% w=13.0 b=+0.000>+0.000
the Drop entry         right    s=  1948 L=  29.1 r= 400.0-70.0   arc=  14.0 z=  1.6 g= -1.4% w=13.0 b=-0.000>-0.035
the Drop apex          right    s=  1977 L=  33.0 r=  70.0-70.0   arc=  27.0 z=  0.8 g= -2.4% w=13.0 b=-0.035>-0.035
the Drop exit          right    s=  2010 L=  29.1 r=  70.0-400.0  arc=  14.0 z=  0.2 g= -2.1% w=13.0 b=-0.035>-0.000
Fernside dive          straight s=  2039 L=  94.0 r=      -       arc=   0.0 z= -5.2 g= -5.7% w=13.0 b=+0.000>+0.000
Beck bridge in         left     s=  2133 L=  68.7 r=1500.0-420.0  arc=   6.0 z= -6.5 g= -1.9% w=13.0 b=+0.000>+0.000
Beck bridge out        left     s=  2202 L=  68.7 r= 420.0-1500.0 arc=   6.0 z= -6.3 g=  0.3% w=13.5 b=+0.000>+0.000
Hollow straight        straight s=  2270 L= 254.0 r=      -       arc=   0.0 z= -4.9 g=  0.6% w=14.0 b=+0.000>+0.000
the Hollow entry       right    s=  2524 L=  23.6 r= 350.0-48.0   arc=  16.0 z= -5.1 g= -0.8% w=14.0 b=-0.000>-0.040
the Hollow apex        right    s=  2548 L=  58.6 r=  48.0-48.0   arc=  70.0 z= -4.9 g=  0.3% w=14.0 b=-0.040>-0.040
the Hollow exit        right    s=  2607 L=  23.6 r=  48.0-350.0  arc=  16.0 z= -4.6 g=  1.3% w=14.0 b=-0.040>-0.000
back straight          straight s=  2630 L= 403.2 r=      -       arc=   0.0 z= -1.6 g=  0.7% w=14.0 b=+0.000>+0.000
Switchback entry       left     s=  3033 L=  17.1 r= 300.0-30.0   arc=  18.0 z= -1.3 g=  1.8% w=14.0 b=+0.000>+0.050
Switchback apex        left     s=  3050 L=  44.5 r=  30.0-30.0   arc=  85.0 z= -0.7 g=  1.3% w=14.0 b=+0.050>+0.050
Switchback exit        left     s=  3095 L=  49.4 r=  30.0-110.0  arc=  60.0 z= -0.2 g=  1.0% w=14.0 b=+0.050>+0.000
grid straight          straight s=  3144 L= 235.0 r=      -       arc=   0.0 z=  0.0 g=  0.1% w=14.0 b=+0.000>+0.000
