6191 tried 32 valid
min 0.186 Brands 0.186 other OSM:Pembrey 0.216 edit 1.15 | len 3343.4 sep 122.1 grade 6.59 | {'sw': 85, 'kink': 0, 'saw': 30, 'beck': 6, 'beck_dir': 'left', 'drop': 40, 'brow': 24} | ('the Ladder', 'back straight') the Hollow apex -> {'the Ladder': 190, 'back straight': 328} 57deg
min 0.181 Brands 0.216 other TUM:MexicoCity 0.181 edit 1.65 | len 3374.7 sep 122.1 grade 5.74 | {'sw': 70, 'kink': 0, 'saw': 20, 'beck': 6, 'beck_dir': 'left', 'drop': 40, 'brow': 24} | ('the Ladder', 'back straight') the Hollow apex -> {'the Ladder': 293, 'back straight': 321} 42deg
min 0.171 Brands 0.171 other OSM:Pembrey 0.209 edit 0.53 | len 3385.2 sep 125.7 grade 5.74 | {'sw': 85, 'kink': 0, 'saw': 20, 'beck': 6, 'beck_dir': 'left', 'drop': 27, 'brow': 32} | ('the Ladder', 'back straight') Kestrel hold -> {'the Ladder': 240, 'back straight': 354} 76deg
min 0.165 Brands 0.165 other TUM:MexicoCity 0.215 edit 0.67 | len 3385.5 sep 125.9 grade 5.74 | {'sw': 75, 'kink': 0, 'saw': 20, 'beck': 6, 'beck_dir': 'left', 'drop': 27, 'brow': 24} | ('the Ladder', 'Fernside') the Hollow apex -> {'the Ladder': 254, 'Fernside': 18} 60deg
min 0.150 Brands 0.150 other OSM:Pembrey 0.225 edit 0.33 | len 3358.8 sep 122.1 grade 7.93 | {'sw': 80, 'kink': 0, 'saw': 20, 'beck': 6, 'beck_dir': 'left', 'drop': 27, 'brow': 24} | ('Ridge top', 'Fernside dive') the Hollow apex -> {'Ridge top': 50, 'Fernside dive': 68} 65deg
min 0.146 Brands 0.146 other OSM:Pembrey 0.234 edit 1.5 | len 3349.0 sep 110.2 grade 6.25 | {'sw': 85, 'kink': 0, 'saw': 30, 'beck': 6, 'beck_dir': 'right', 'drop': 27, 'brow': 24} | ('esses link', 'Kestrel approach') the Hollow apex -> {'esses link': 81, 'Kestrel approach': 18} 46deg
min 0.137 Brands 0.137 other OSM:Pembrey 0.224 edit 0.0 | len 3347.0 sep 124.0 grade 6.25 | {'sw': 85, 'kink': 0, 'saw': 20, 'beck': 6, 'beck_dir': 'left', 'drop': 27, 'brow': 24} | ('Fernside', 'Kestrel approach') Kestrel hold -> {'Fernside': 33, 'Kestrel approach': 91} 84deg
min 0.137 Brands 0.137 other OSM:Pembrey 0.224 edit 0.0 | len 3347.0 sep 124.0 grade 6.25 | {'sw': 85, 'kink': 0, 'saw': 20, 'beck': 6, 'beck_dir': 'left', 'drop': 27, 'brow': 24} | ('Fernside', 'Kestrel approach') Kestrel hold -> {'Fernside': 33, 'Kestrel approach': 91} 84deg
min 0.137 Brands 0.137 other OSM:Pembrey 0.224 edit 0.0 | len 3347.0 sep 124.0 grade 6.25 | {'sw': 85, 'kink': 0, 'saw': 20, 'beck': 6, 'beck_dir': 'left', 'drop': 27, 'brow': 24} | ('Fernside', 'Kestrel approach') the Drop apex -> {'Fernside': 33, 'Kestrel approach': 91} 27deg
min 0.137 Brands 0.137 other OSM:Pembrey 0.224 edit 0.65 | len 3347.0 sep 124.0 grade 6.25 | {'sw': 85, 'kink': 0, 'saw': 20, 'beck': 6, 'beck_dir': 'left', 'drop': 40, 'brow': 24} | ('Fernside', 'Kestrel approach') the Drop apex -> {'Fernside': 33, 'Kestrel approach': 91} 27deg
min 0.134 Brands 0.134 other OSM:Pembrey 0.227 edit 0.0 | len 3370.0 sep 122.6 grade 6.31 | {'sw': 85, 'kink': 0, 'saw': 20, 'beck': 6, 'beck_dir': 'left', 'drop': 27, 'brow': 24} | ('the Ladder', 'Fernside') Kestrel hold -> {'the Ladder': 198, 'Fernside': 45} 84deg
min 0.134 Brands 0.134 other OSM:Pembrey 0.227 edit 0.0 | len 3370.0 sep 122.6 grade 6.31 | {'sw': 85, 'kink': 0, 'saw': 20, 'beck': 6, 'beck_dir': 'left', 'drop': 27, 'brow': 24} | ('the Ladder', 'Fernside') the Drop apex -> {'the Ladder': 198, 'Fernside': 45} 27deg
min 0.134 Brands 0.134 other OSM:Pembrey 0.228 edit 0.0 | len 3377.5 sep 122.1 grade 6.25 | {'sw': 85, 'kink': 0, 'saw': 20, 'beck': 6, 'beck_dir': 'left', 'drop': 27, 'brow': 24} | ('Brook run', 'Kestrel approach') the Drop apex -> {'Brook run': 67, 'Kestrel approach': 108} 27deg
min 0.134 Brands 0.134 other OSM:Pembrey 0.228 edit 0.0 | len 3377.5 sep 122.1 grade 6.25 | {'sw': 85, 'kink': 0, 'saw': 20, 'beck': 6, 'beck_dir': 'left', 'drop': 27, 'brow': 24} | ('Brook run', 'Kestrel approach') Kestrel hold -> {'Brook run': 67, 'Kestrel approach': 108} 84deg
min 0.134 Brands 0.134 other OSM:Pembrey 0.228 edit 0.53 | len 3377.5 sep 122.1 grade 6.33 | {'sw': 85, 'kink': 0, 'saw': 20, 'beck': 6, 'beck_dir': 'left', 'drop': 27, 'brow': 32} | ('the Ladder', 'Kestrel approach') the Brow apex -> {'the Ladder': 197, 'Kestrel approach': 108} 24deg
--- best per edit budget
edit<=1: min 0.171 Brands 0.171 other OSM:Pembrey 0.209 edit 0.53 | len 3385.2 | {'sw': 85, 'kink': 0, 'saw': 20, 'beck': 6, 'beck_dir': 'left', 'drop': 27, 'brow': 32} | ('the Ladder', 'back straight') Kestrel hold -> {'the Ladder': 240, 'back straight': 354} 76deg
edit<=1.5: min 0.186 Brands 0.186 other OSM:Pembrey 0.216 edit 1.15 | len 3343.4 | {'sw': 85, 'kink': 0, 'saw': 30, 'beck': 6, 'beck_dir': 'left', 'drop': 40, 'brow': 24} | ('the Ladder', 'back straight') the Hollow apex -> {'the Ladder': 190, 'back straight': 328} 57deg
edit<=2: min 0.186 Brands 0.186 other OSM:Pembrey 0.216 edit 1.15 | len 3343.4 | {'sw': 85, 'kink': 0, 'saw': 30, 'beck': 6, 'beck_dir': 'left', 'drop': 40, 'brow': 24} | ('the Ladder', 'back straight') the Hollow apex -> {'the Ladder': 190, 'back straight': 328} 57deg
edit<=2.5: min 0.186 Brands 0.186 other OSM:Pembrey 0.216 edit 1.15 | len 3343.4 | {'sw': 85, 'kink': 0, 'saw': 30, 'beck': 6, 'beck_dir': 'left', 'drop': 40, 'brow': 24} | ('the Ladder', 'back straight') the Hollow apex -> {'the Ladder': 190, 'back straight': 328} 57deg
edit<=3: min 0.186 Brands 0.186 other OSM:Pembrey 0.216 edit 1.15 | len 3343.4 | {'sw': 85, 'kink': 0, 'saw': 30, 'beck': 6, 'beck_dir': 'left', 'drop': 40, 'brow': 24} | ('the Ladder', 'back straight') the Hollow apex -> {'the Ladder': 190, 'back straight': 328} 57deg
edit<=4: min 0.186 Brands 0.186 other OSM:Pembrey 0.216 edit 1.15 | len 3343.4 | {'sw': 85, 'kink': 0, 'saw': 30, 'beck': 6, 'beck_dir': 'left', 'drop': 40, 'brow': 24} | ('the Ladder', 'back straight') the Hollow apex -> {'the Ladder': 190, 'back straight': 328} 57deg
