min 0.165 Brands 0.165 other TUM:MexicoCity 0.215 | len 3385.5 sep 125.9 | {'sw': 75, 'saw': 20, 'wood': 24} kink 0 | ('Fernside', 'the Ladder') the Hollow apex -> {'Fernside': 18, 'the Ladder': 254} 60deg | brk [(275, 'T1 Millrac', 40.0), (254, 'the Hollow', 48.0), (400, 'Switchback', 30.0)]
min 0.142 Brands 0.142 other TUM:MexicoCity 0.232 | len 3399.4 sep 122.1 | {'sw': 75, 'saw': 20, 'wood': 24} kink 0 | ('Brook run', 'grid straight') the Hollow apex -> {'Brook run': 134, 'grid straight': 208} 60deg | brk [(275, 'T1 Millrac', 40.0), (254, 'the Hollow', 48.0), (400, 'Switchback', 30.0)]
min 0.141 Brands 0.141 other TUM:MexicoCity 0.226 | len 3399.4 sep 122.1 | {'sw': 75, 'saw': 20, 'wood': 24} kink 0 | ('grid straight', 'the Ladder') the Hollow apex -> {'grid straight': 208, 'the Ladder': 264} 60deg | brk [(275, 'T1 Millrac', 40.0), (254, 'the Hollow', 48.0), (400, 'Switchback', 30.0)]
min 0.137 Brands 0.137 other OSM:Pembrey 0.224 | len 3347.0 sep 124.0 | {'sw': 85, 'saw': 20, 'wood': 24} kink 0 | ('Fernside', 'Kestrel approach') the Hollow apex -> {'Fernside': 33, 'Kestrel approach': 91} 70deg | brk [(275, 'T1 Millrac', 40.0), (254, 'the Hollow', 48.0), (400, 'Switchback', 30.0)]
min 0.137 Brands 0.137 other OSM:Pembrey 0.224 | len 3347.0 sep 124.0 | {'sw': 85, 'saw': 20, 'wood': 24} kink 0 | ('Fernside', 'Kestrel approach') Kestrel hold -> {'Fernside': 33, 'Kestrel approach': 91} 84deg | brk [(275, 'T1 Millrac', 40.0), (254, 'the Hollow', 48.0), (400, 'Switchback', 30.0)]
min 0.137 Brands 0.137 other OSM:Pembrey 0.224 | len 3347.0 sep 124.0 | {'sw': 85, 'saw': 20, 'wood': 24} kink 0 | ('Fernside', 'Kestrel approach') the Drop apex -> {'Fernside': 33, 'Kestrel approach': 91} 27deg | brk [(275, 'T1 Millrac', 40.0), (254, 'the Hollow', 48.0), (400, 'Switchback', 30.0)]
min 0.134 Brands 0.134 other OSM:Pembrey 0.227 | len 3370.0 sep 122.6 | {'sw': 85, 'saw': 20, 'wood': 24} kink 0 | ('Fernside', 'the Ladder') the Hollow apex -> {'Fernside': 45, 'the Ladder': 198} 70deg | brk [(275, 'T1 Millrac', 40.0), (254, 'the Hollow', 48.0), (400, 'Switchback', 30.0)]
min 0.134 Brands 0.134 other OSM:Pembrey 0.227 | len 3370.0 sep 122.6 | {'sw': 85, 'saw': 20, 'wood': 24} kink 0 | ('Fernside', 'the Ladder') Kestrel hold -> {'Fernside': 45, 'the Ladder': 198} 84deg | brk [(275, 'T1 Millrac', 40.0), (254, 'the Hollow', 48.0), (400, 'Switchback', 30.0)]
min 0.134 Brands 0.134 other OSM:Pembrey 0.227 | len 3370.0 sep 122.6 | {'sw': 85, 'saw': 20, 'wood': 24} kink 0 | ('Fernside', 'the Ladder') the Drop apex -> {'Fernside': 45, 'the Ladder': 198} 27deg | brk [(275, 'T1 Millrac', 40.0), (254, 'the Hollow', 48.0), (400, 'Switchback', 30.0)]
min 0.134 Brands 0.134 other OSM:Pembrey 0.227 | len 3373.6 sep 122.7 | {'sw': 85, 'saw': 20, 'wood': 24} kink 0 | ('Fernside', 'Hollow straight') the Hollow apex -> {'Fernside': 44, 'Hollow straight': 256} 70deg | brk [(275, 'T1 Millrac', 40.0), (256, 'the Hollow', 48.0), (400, 'Switchback', 30.0)]
min 0.134 Brands 0.134 other OSM:Pembrey 0.227 | len 3373.6 sep 122.7 | {'sw': 85, 'saw': 20, 'wood': 24} kink 0 | ('Fernside', 'Hollow straight') Kestrel hold -> {'Fernside': 44, 'Hollow straight': 256} 84deg | brk [(275, 'T1 Millrac', 40.0), (256, 'the Hollow', 48.0), (400, 'Switchback', 30.0)]
min 0.134 Brands 0.134 other OSM:Pembrey 0.227 | len 3373.6 sep 122.7 | {'sw': 85, 'saw': 20, 'wood': 24} kink 0 | ('Fernside', 'Hollow straight') the Drop apex -> {'Fernside': 44, 'Hollow straight': 256} 27deg | brk [(275, 'T1 Millrac', 40.0), (256, 'the Hollow', 48.0), (400, 'Switchback', 30.0)]
min 0.134 Brands 0.134 other OSM:Pembrey 0.228 | len 3377.5 sep 122.1 | {'sw': 85, 'saw': 20, 'wood': 24} kink 0 | ('Brook run', 'Kestrel approach') the Hollow apex -> {'Brook run': 67, 'Kestrel approach': 108} 70deg | brk [(275, 'T1 Millrac', 40.0), (254, 'the Hollow', 48.0), (400, 'Switchback', 30.0)]
min 0.134 Brands 0.134 other OSM:Pembrey 0.228 | len 3377.5 sep 122.1 | {'sw': 85, 'saw': 20, 'wood': 24} kink 0 | ('Brook run', 'Kestrel approach') Kestrel hold -> {'Brook run': 67, 'Kestrel approach': 108} 84deg | brk [(275, 'T1 Millrac', 40.0), (254, 'the Hollow', 48.0), (400, 'Switchback', 30.0)]
min 0.134 Brands 0.134 other OSM:Pembrey 0.228 | len 3377.5 sep 122.1 | {'sw': 85, 'saw': 20, 'wood': 24} kink 0 | ('Brook run', 'Kestrel approach') the Drop apex -> {'Brook run': 67, 'Kestrel approach': 108} 27deg | brk [(275, 'T1 Millrac', 40.0), (254, 'the Hollow', 48.0), (400, 'Switchback', 30.0)]
min 0.134 Brands 0.134 other OSM:Pembrey 0.228 | len 3377.5 sep 122.1 | {'sw': 85, 'saw': 20, 'wood': 24} kink 0 | ('Ridge top', 'the Ladder') the Hollow apex -> {'Ridge top': 38, 'the Ladder': 197} 70deg | brk [(275, 'T1 Millrac', 40.0), (254, 'the Hollow', 48.0), (400, 'Switchback', 30.0)]
min 0.134 Brands 0.134 other OSM:Pembrey 0.228 | len 3377.5 sep 122.1 | {'sw': 85, 'saw': 20, 'wood': 24} kink 0 | ('Ridge top', 'the Ladder') Kestrel hold -> {'Ridge top': 38, 'the Ladder': 197} 84deg | brk [(275, 'T1 Millrac', 40.0), (254, 'the Hollow', 48.0), (400, 'Switchback', 30.0)]
min 0.134 Brands 0.134 other OSM:Pembrey 0.228 | len 3377.5 sep 122.1 | {'sw': 85, 'saw': 20, 'wood': 24} kink 0 | ('Ridge top', 'the Ladder') the Drop apex -> {'Ridge top': 38, 'the Ladder': 197} 27deg | brk [(275, 'T1 Millrac', 40.0), (254, 'the Hollow', 48.0), (400, 'Switchback', 30.0)]
min 0.134 Brands 0.134 other OSM:Pembrey 0.228 | len 3377.5 sep 122.1 | {'sw': 85, 'saw': 20, 'wood': 24} kink 0 | ('Kestrel approach', 'the Ladder') the Hollow apex -> {'Kestrel approach': 108, 'the Ladder': 197} 70deg | brk [(275, 'T1 Millrac', 40.0), (254, 'the Hollow', 48.0), (400, 'Switchback', 30.0)]
min 0.134 Brands 0.134 other OSM:Pembrey 0.228 | len 3377.5 sep 122.1 | {'sw': 85, 'saw': 20, 'wood': 24} kink 0 | ('Kestrel approach', 'the Ladder') Kestrel hold -> {'Kestrel approach': 108, 'the Ladder': 197} 84deg | brk [(275, 'T1 Millrac', 40.0), (254, 'the Hollow', 48.0), (400, 'Switchback', 30.0)]
87 valid 547 s
